2026-05-25 16:41:57 | INFO | Args: {'model_name': 'DGECO2FSCD', 'model_name_resumed': 'DGECO2FSCD', 'data_path': '/mnt/disk1/DINO-SAM-GECO2_3/data/FSC147_384_V2', 'dataset': 'fsc147', 'image_size': 1024, 'batch_size': 2, 'eval_batch_size': 2, 'val_batch_size': 2, 'test_batch_size': 2, 'num_workers': 8, 'max_train_batches': None, 'max_val_batches': None, 'max_test_batches': None, 'log_dir': '/mnt/disk1/DINO-SAM-GECO2_3/logs', 'run_name': None, 'log_interval': 50, 'model_path': '/mnt/disk1/DINO-SAM-GECO2_3/checkpoints', 'gpu': 0, 'max_grad_norm': 0.1, 'score_threshold': 0.3, 'score_ratio': 0.6, 'pre_nms_topk': 4096, 'max_detections': 4096, 'nms_iou': 0.5, 'dinov3_model_size': 'base', 'training': True, 'dinov3_pretrained_weights': '/mnt/disk1/DINO-SAM-GECO2_3/src/models/backbones/checkpoint/dinov3_vitb16_pretrain_lvd1689m-73cec8be.pth', 'backbone': 'DINOV3', 'reduction': 16, 'kernel_dim': 1, 'num_objects': 3, 'epochs': 200, 'resume_training': False, 'lr': 5e-05, 'backbone_lr': 5e-06, 'lr_drop': 10, 'weight_decay': 0.0001, 'tiling_p': 0.5, 'zero_shot': False, 'bbox_loss_coef': 1.0, 'giou_loss_coef': 2.0, 'ce_loss_coef': 1.0, 'aux_loss_coef': 0.5, 'cost_class': 2.0, 'cost_bbox': 1.0, 'cost_giou': 2.0, 'focal_alpha': 0.25, 'model_name_resume_from': 'base_3_shot_softmax1'}
2026-05-25 16:41:57 | INFO | Running pure single-GPU training on device: cuda:0
2026-05-25 16:41:57 | INFO | Logs will be saved to: /mnt/disk1/DINO-SAM-GECO2_3/logs/DGECO2FSCD_20260525_164157
2026-05-25 16:41:58 | INFO | Trainable parameter groups: non_backbone=54677258, dinov3_adapter=2561296, frozen_dinov3=85648128
2026-05-25 16:41:58 | INFO | AMP mixed precision enabled: False
2026-05-25 16:42:00 | INFO | Dataloader batch sizes: train=2, val=2, test=2
2026-05-25 16:43:47 | INFO | Epoch 1 | batch 50/1829 | loss=1.7386 | giou=0.7403 | bbox=0.2076 | ce=0.0504 | aux_giou=0.0000 | aux_bbox=0.0000 | aux_ce=0.0000 | mask=1089 | aux_mask=940 | pos=200 | targets=200 | preds=34 | centerness=[-2.197, -0.076] | train_seen=100
2026-05-25 16:45:34 | INFO | Epoch 1 | batch 100/1829 | loss=2.3320 | giou=0.8434 | bbox=0.3112 | ce=0.1954 | aux_giou=0.0618 | aux_bbox=0.0127 | aux_ce=0.0024 | mask=1478 | aux_mask=2161 | pos=1096 | targets=1096 | preds=5 | centerness=[-3.040, -0.452] | train_seen=200
2026-05-25 16:47:21 | INFO | Epoch 1 | batch 150/1829 | loss=1.3224 | giou=0.5831 | bbox=0.1299 | ce=0.0263 | aux_giou=0.0000 | aux_bbox=0.0000 | aux_ce=0.0000 | mask=1178 | aux_mask=715 | pos=45 | targets=45 | preds=46 | centerness=[-1.760, -0.158] | train_seen=300
2026-05-25 16:49:08 | INFO | Epoch 1 | batch 200/1829 | loss=1.6017 | giou=0.6852 | bbox=0.1281 | ce=0.1032 | aux_giou=0.0000 | aux_bbox=0.0000 | aux_ce=0.0000 | mask=997 | aux_mask=918 | pos=438 | targets=438 | preds=371 | centerness=[-1.757, -0.362] | train_seen=400
2026-05-25 16:50:58 | INFO | Epoch 1 | batch 250/1829 | loss=1.6025 | giou=0.7171 | bbox=0.1014 | ce=0.0669 | aux_giou=0.0000 | aux_bbox=0.0000 | aux_ce=0.0000 | mask=1323 | aux_mask=1144 | pos=174 | targets=174 | preds=4 | centerness=[-3.158, -0.588] | train_seen=500
2026-05-25 16:52:47 | INFO | Epoch 1 | batch 300/1829 | loss=2.1492 | giou=0.8412 | bbox=0.2012 | ce=0.0583 | aux_giou=0.0825 | aux_bbox=0.0318 | aux_ce=0.0105 | mask=1044 | aux_mask=928 | pos=803 | targets=436 | preds=373 | centerness=[-1.724, 0.015] | train_seen=600
2026-05-25 16:54:34 | INFO | Epoch 1 | batch 350/1829 | loss=1.8107 | giou=0.8279 | bbox=0.1060 | ce=0.0489 | aux_giou=0.0000 | aux_bbox=0.0000 | aux_ce=0.0000 | mask=1368 | aux_mask=1122 | pos=144 | targets=144 | preds=588 | centerness=[-2.335, -0.401] | train_seen=700
2026-05-25 16:56:21 | INFO | Epoch 1 | batch 400/1829 | loss=1.1729 | giou=0.5262 | bbox=0.0471 | ce=0.0735 | aux_giou=0.0000 | aux_bbox=0.0000 | aux_ce=0.0000 | mask=675 | aux_mask=832 | pos=457 | targets=457 | preds=400 | centerness=[-2.010, -0.058] | train_seen=800
2026-05-25 16:58:08 | INFO | Epoch 1 | batch 450/1829 | loss=1.2906 | giou=0.5980 | bbox=0.0576 | ce=0.0369 | aux_giou=0.0000 | aux_bbox=0.0000 | aux_ce=0.0000 | mask=1483 | aux_mask=1467 | pos=152 | targets=152 | preds=458 | centerness=[-1.670, -0.537] | train_seen=900
2026-05-25 16:59:56 | INFO | Epoch 1 | batch 500/1829 | loss=1.8704 | giou=0.8363 | bbox=0.1433 | ce=0.0545 | aux_giou=0.0000 | aux_bbox=0.0000 | aux_ce=0.0000 | mask=623 | aux_mask=664 | pos=120 | targets=120 | preds=0 | centerness=[-2.504, -0.934] | train_seen=1000
2026-05-25 17:01:42 | INFO | Epoch 1 | batch 550/1829 | loss=2.6050 | giou=0.9737 | bbox=0.1928 | ce=0.0835 | aux_giou=0.1649 | aux_bbox=0.0352 | aux_ce=0.0163 | mask=1497 | aux_mask=2321 | pos=860 | targets=860 | preds=511 | centerness=[-2.121, -0.587] | train_seen=1100
2026-05-25 17:03:29 | INFO | Epoch 1 | batch 600/1829 | loss=1.8745 | giou=0.7558 | bbox=0.1217 | ce=0.0726 | aux_giou=0.0594 | aux_bbox=0.0044 | aux_ce=0.0454 | mask=944 | aux_mask=1039 | pos=388 | targets=388 | preds=420 | centerness=[-2.335, -0.570] | train_seen=1200
2026-05-25 17:05:16 | INFO | Epoch 1 | batch 650/1829 | loss=1.1325 | giou=0.4424 | bbox=0.0615 | ce=0.0412 | aux_giou=0.0643 | aux_bbox=0.0112 | aux_ce=0.0051 | mask=734 | aux_mask=1075 | pos=140 | targets=140 | preds=120 | centerness=[-2.397, -0.629] | train_seen=1300
2026-05-25 17:07:02 | INFO | Epoch 1 | batch 700/1829 | loss=1.4589 | giou=0.6502 | bbox=0.0916 | ce=0.0669 | aux_giou=0.0000 | aux_bbox=0.0000 | aux_ce=0.0000 | mask=481 | aux_mask=652 | pos=96 | targets=96 | preds=0 | centerness=[-3.091, -0.909] | train_seen=1400
2026-05-25 17:08:49 | INFO | Epoch 1 | batch 750/1829 | loss=1.1000 | giou=0.4863 | bbox=0.0919 | ce=0.0355 | aux_giou=0.0000 | aux_bbox=0.0000 | aux_ce=0.0000 | mask=529 | aux_mask=473 | pos=68 | targets=68 | preds=0 | centerness=[-2.988, -1.134] | train_seen=1500
2026-05-25 17:10:36 | INFO | Epoch 1 | batch 800/1829 | loss=1.4213 | giou=0.6623 | bbox=0.0799 | ce=0.0167 | aux_giou=0.0000 | aux_bbox=0.0000 | aux_ce=0.0000 | mask=1451 | aux_mask=1530 | pos=44 | targets=44 | preds=1 | centerness=[-2.495, -0.787] | train_seen=1600
2026-05-25 17:12:22 | INFO | Epoch 1 | batch 850/1829 | loss=1.4307 | giou=0.6362 | bbox=0.1009 | ce=0.0575 | aux_giou=0.0000 | aux_bbox=0.0000 | aux_ce=0.0000 | mask=597 | aux_mask=516 | pos=203 | targets=203 | preds=323 | centerness=[-2.175, -0.095] | train_seen=1700
2026-05-25 17:14:09 | INFO | Epoch 1 | batch 900/1829 | loss=1.4650 | giou=0.6638 | bbox=0.0656 | ce=0.0716 | aux_giou=0.0000 | aux_bbox=0.0000 | aux_ce=0.0000 | mask=933 | aux_mask=679 | pos=312 | targets=312 | preds=551 | centerness=[-1.670, -0.167] | train_seen=1800
2026-05-25 17:15:56 | INFO | Epoch 1 | batch 950/1829 | loss=1.7058 | giou=0.7832 | bbox=0.0914 | ce=0.0480 | aux_giou=0.0000 | aux_bbox=0.0000 | aux_ce=0.0000 | mask=844 | aux_mask=1228 | pos=228 | targets=228 | preds=339 | centerness=[-2.748, -0.363] | train_seen=1900
2026-05-25 17:17:43 | INFO | Epoch 1 | batch 1000/1829 | loss=1.1186 | giou=0.5126 | bbox=0.0634 | ce=0.0300 | aux_giou=0.0000 | aux_bbox=0.0000 | aux_ce=0.0000 | mask=1008 | aux_mask=1346 | pos=63 | targets=63 | preds=472 | centerness=[-2.209, -0.684] | train_seen=2000
2026-05-25 17:19:30 | INFO | Epoch 1 | batch 1050/1829 | loss=1.1288 | giou=0.4760 | bbox=0.1636 | ce=0.0132 | aux_giou=0.0000 | aux_bbox=0.0000 | aux_ce=0.0000 | mask=1100 | aux_mask=1392 | pos=32 | targets=32 | preds=29 | centerness=[-2.506, -0.138] | train_seen=2100
2026-05-25 17:21:16 | INFO | Epoch 1 | batch 1100/1829 | loss=1.3906 | giou=0.6226 | bbox=0.0788 | ce=0.0665 | aux_giou=0.0000 | aux_bbox=0.0000 | aux_ce=0.0000 | mask=411 | aux_mask=767 | pos=160 | targets=160 | preds=316 | centerness=[-2.120, -0.164] | train_seen=2200
2026-05-25 17:23:03 | INFO | Epoch 1 | batch 1150/1829 | loss=1.9662 | giou=0.7487 | bbox=0.1868 | ce=0.1133 | aux_giou=0.0713 | aux_bbox=0.0113 | aux_ce=0.0148 | mask=1298 | aux_mask=1629 | pos=442 | targets=442 | preds=16 | centerness=[-3.402, -0.699] | train_seen=2300
2026-05-25 17:24:50 | INFO | Epoch 1 | batch 1200/1829 | loss=1.1137 | giou=0.5186 | bbox=0.0523 | ce=0.0242 | aux_giou=0.0000 | aux_bbox=0.0000 | aux_ce=0.0000 | mask=1117 | aux_mask=2016 | pos=61 | targets=61 | preds=0 | centerness=[-3.044, -1.298] | train_seen=2400
2026-05-25 17:26:36 | INFO | Epoch 1 | batch 1250/1829 | loss=1.4728 | giou=0.6529 | bbox=0.1378 | ce=0.0292 | aux_giou=0.0000 | aux_bbox=0.0000 | aux_ce=0.0000 | mask=958 | aux_mask=1378 | pos=63 | targets=63 | preds=53 | centerness=[-3.169, -0.487] | train_seen=2500
2026-05-25 17:28:22 | INFO | Epoch 1 | batch 1300/1829 | loss=1.9457 | giou=0.8077 | bbox=0.1251 | ce=0.0586 | aux_giou=0.0670 | aux_bbox=0.0084 | aux_ce=0.0043 | mask=648 | aux_mask=1155 | pos=129 | targets=129 | preds=0 | centerness=[-2.388, -0.997] | train_seen=2600
2026-05-25 17:30:09 | INFO | Epoch 1 | batch 1350/1829 | loss=1.1977 | giou=0.5546 | bbox=0.0332 | ce=0.0554 | aux_giou=0.0000 | aux_bbox=0.0000 | aux_ce=0.0000 | mask=865 | aux_mask=964 | pos=268 | targets=268 | preds=428 | centerness=[-2.404, -0.296] | train_seen=2700
2026-05-25 17:31:56 | INFO | Epoch 1 | batch 1400/1829 | loss=1.2187 | giou=0.5364 | bbox=0.1172 | ce=0.0288 | aux_giou=0.0000 | aux_bbox=0.0000 | aux_ce=0.0000 | mask=768 | aux_mask=1014 | pos=72 | targets=72 | preds=0 | centerness=[-2.952, -0.895] | train_seen=2800
2026-05-25 17:33:42 | INFO | Epoch 1 | batch 1450/1829 | loss=1.2560 | giou=0.5659 | bbox=0.0801 | ce=0.0440 | aux_giou=0.0000 | aux_bbox=0.0000 | aux_ce=0.0000 | mask=784 | aux_mask=937 | pos=206 | targets=206 | preds=442 | centerness=[-3.095, -0.518] | train_seen=2900
2026-05-25 17:35:29 | INFO | Epoch 1 | batch 1500/1829 | loss=1.5127 | giou=0.7116 | bbox=0.0508 | ce=0.0387 | aux_giou=0.0000 | aux_bbox=0.0000 | aux_ce=0.0000 | mask=569 | aux_mask=706 | pos=82 | targets=82 | preds=301 | centerness=[-2.165, -0.531] | train_seen=3000
2026-05-25 17:37:15 | INFO | Epoch 1 | batch 1550/1829 | loss=1.3049 | giou=0.5878 | bbox=0.0769 | ce=0.0524 | aux_giou=0.0000 | aux_bbox=0.0000 | aux_ce=0.0000 | mask=677 | aux_mask=692 | pos=168 | targets=168 | preds=4 | centerness=[-2.666, -0.801] | train_seen=3100
2026-05-25 17:39:02 | INFO | Epoch 1 | batch 1600/1829 | loss=1.6124 | giou=0.6841 | bbox=0.0567 | ce=0.0495 | aux_giou=0.0627 | aux_bbox=0.0104 | aux_ce=0.0021 | mask=925 | aux_mask=1244 | pos=268 | targets=268 | preds=562 | centerness=[-2.177, -0.341] | train_seen=3200
2026-05-25 17:40:48 | INFO | Epoch 1 | batch 1650/1829 | loss=1.1060 | giou=0.4948 | bbox=0.0614 | ce=0.0551 | aux_giou=0.0000 | aux_bbox=0.0000 | aux_ce=0.0000 | mask=619 | aux_mask=647 | pos=188 | targets=188 | preds=314 | centerness=[-2.523, -0.111] | train_seen=3300
2026-05-25 17:42:35 | INFO | Epoch 1 | batch 1700/1829 | loss=1.5633 | giou=0.6150 | bbox=0.0479 | ce=0.0832 | aux_giou=0.0930 | aux_bbox=0.0078 | aux_ce=0.0085 | mask=1168 | aux_mask=1264 | pos=576 | targets=576 | preds=1002 | centerness=[-1.858, 0.305] | train_seen=3400
2026-05-25 17:44:22 | INFO | Epoch 1 | batch 1750/1829 | loss=1.2874 | giou=0.5917 | bbox=0.0591 | ce=0.0448 | aux_giou=0.0000 | aux_bbox=0.0000 | aux_ce=0.0000 | mask=726 | aux_mask=749 | pos=141 | targets=141 | preds=43 | centerness=[-2.637, -0.624] | train_seen=3500
2026-05-25 17:46:08 | INFO | Epoch 1 | batch 1800/1829 | loss=1.1646 | giou=0.5103 | bbox=0.1076 | ce=0.0363 | aux_giou=0.0000 | aux_bbox=0.0000 | aux_ce=0.0000 | mask=727 | aux_mask=885 | pos=92 | targets=92 | preds=57 | centerness=[-3.048, -0.657] | train_seen=3600
2026-05-25 18:06:54 | INFO | Epoch 1 | train_loss=1.543 | val_loss=1.506 | train_mae=100.741 | val_mae=79.859 | val_rmse=116.49 | test_mae=89.245 | test_rmse=154.87 | time=5091.712s | best_rmse
2026-05-25 18:08:41 | INFO | Epoch 2 | batch 50/1829 | loss=1.1860 | giou=0.5371 | bbox=0.0714 | ce=0.0403 | aux_giou=0.0000 | aux_bbox=0.0000 | aux_ce=0.0000 | mask=773 | aux_mask=1225 | pos=112 | targets=112 | preds=290 | centerness=[-2.766, -0.385] | train_seen=100
2026-05-25 18:10:28 | INFO | Epoch 2 | batch 100/1829 | loss=1.0175 | giou=0.4217 | bbox=0.0323 | ce=0.0260 | aux_giou=0.0560 | aux_bbox=0.0018 | aux_ce=0.0020 | mask=1038 | aux_mask=1408 | pos=112 | targets=112 | preds=71 | centerness=[-2.384, -0.124] | train_seen=200
2026-05-25 18:12:14 | INFO | Epoch 2 | batch 150/1829 | loss=1.0941 | giou=0.4976 | bbox=0.0516 | ce=0.0472 | aux_giou=0.0000 | aux_bbox=0.0000 | aux_ce=0.0000 | mask=1392 | aux_mask=1814 | pos=284 | targets=284 | preds=3 | centerness=[-1.941, -0.790] | train_seen=300
2026-05-25 18:14:01 | INFO | Epoch 2 | batch 200/1829 | loss=1.7817 | giou=0.7075 | bbox=0.2389 | ce=0.0366 | aux_giou=0.0399 | aux_bbox=0.0046 | aux_ce=0.0068 | mask=774 | aux_mask=1098 | pos=85 | targets=85 | preds=29 | centerness=[-4.031, -0.484] | train_seen=400
2026-05-25 18:15:48 | INFO | Epoch 2 | batch 250/1829 | loss=1.6794 | giou=0.6811 | bbox=0.1480 | ce=0.0477 | aux_giou=0.0506 | aux_bbox=0.0107 | aux_ce=0.0094 | mask=1392 | aux_mask=1608 | pos=292 | targets=292 | preds=292 | centerness=[-3.366, -0.680] | train_seen=500
2026-05-25 18:17:34 | INFO | Epoch 2 | batch 300/1829 | loss=1.1332 | giou=0.5088 | bbox=0.0603 | ce=0.0553 | aux_giou=0.0000 | aux_bbox=0.0000 | aux_ce=0.0000 | mask=1280 | aux_mask=1401 | pos=308 | targets=308 | preds=0 | centerness=[-2.161, -0.858] | train_seen=600
2026-05-25 18:19:21 | INFO | Epoch 2 | batch 350/1829 | loss=1.4661 | giou=0.6670 | bbox=0.0821 | ce=0.0500 | aux_giou=0.0000 | aux_bbox=0.0000 | aux_ce=0.0000 | mask=645 | aux_mask=958 | pos=155 | targets=155 | preds=95 | centerness=[-2.599, -0.528] | train_seen=700
2026-05-25 18:21:07 | INFO | Epoch 2 | batch 400/1829 | loss=1.2884 | giou=0.5839 | bbox=0.0635 | ce=0.0571 | aux_giou=0.0000 | aux_bbox=0.0000 | aux_ce=0.0000 | mask=1191 | aux_mask=1237 | pos=312 | targets=312 | preds=783 | centerness=[-2.128, -0.327] | train_seen=800
2026-05-25 18:22:54 | INFO | Epoch 2 | batch 450/1829 | loss=1.0518 | giou=0.4699 | bbox=0.0673 | ce=0.0447 | aux_giou=0.0000 | aux_bbox=0.0000 | aux_ce=0.0000 | mask=496 | aux_mask=725 | pos=70 | targets=70 | preds=0 | centerness=[-2.647, -1.262] | train_seen=900
2026-05-25 18:24:40 | INFO | Epoch 2 | batch 500/1829 | loss=1.1594 | giou=0.5241 | bbox=0.0371 | ce=0.0742 | aux_giou=0.0000 | aux_bbox=0.0000 | aux_ce=0.0000 | mask=1528 | aux_mask=1787 | pos=1184 | targets=1184 | preds=996 | centerness=[-1.726, 0.016] | train_seen=1000
2026-05-25 18:26:27 | INFO | Epoch 2 | batch 550/1829 | loss=1.1613 | giou=0.5342 | bbox=0.0570 | ce=0.0359 | aux_giou=0.0000 | aux_bbox=0.0000 | aux_ce=0.0000 | mask=543 | aux_mask=800 | pos=94 | targets=94 | preds=62 | centerness=[-3.069, -0.711] | train_seen=1100
2026-05-25 18:28:13 | INFO | Epoch 2 | batch 600/1829 | loss=1.0843 | giou=0.4714 | bbox=0.0343 | ce=0.0256 | aux_giou=0.0378 | aux_bbox=0.0033 | aux_ce=0.0027 | mask=853 | aux_mask=794 | pos=72 | targets=72 | preds=16 | centerness=[-2.644, -0.634] | train_seen=1200
2026-05-25 18:30:00 | INFO | Epoch 2 | batch 650/1829 | loss=1.1135 | giou=0.4940 | bbox=0.0813 | ce=0.0444 | aux_giou=0.0000 | aux_bbox=0.0000 | aux_ce=0.0000 | mask=571 | aux_mask=663 | pos=138 | targets=138 | preds=204 | centerness=[-2.738, -0.410] | train_seen=1300
2026-05-25 18:31:46 | INFO | Epoch 2 | batch 700/1829 | loss=1.1101 | giou=0.4907 | bbox=0.0745 | ce=0.0542 | aux_giou=0.0000 | aux_bbox=0.0000 | aux_ce=0.0000 | mask=945 | aux_mask=1053 | pos=160 | targets=160 | preds=273 | centerness=[-2.310, -0.238] | train_seen=1400
2026-05-25 18:33:33 | INFO | Epoch 2 | batch 750/1829 | loss=1.2656 | giou=0.5741 | bbox=0.0639 | ce=0.0535 | aux_giou=0.0000 | aux_bbox=0.0000 | aux_ce=0.0000 | mask=734 | aux_mask=705 | pos=213 | targets=213 | preds=153 | centerness=[-2.670, 0.088] | train_seen=1500
2026-05-25 18:35:20 | INFO | Epoch 2 | batch 800/1829 | loss=1.3468 | giou=0.5692 | bbox=0.0549 | ce=0.0440 | aux_giou=0.0492 | aux_bbox=0.0073 | aux_ce=0.0038 | mask=915 | aux_mask=1132 | pos=185 | targets=185 | preds=220 | centerness=[-3.101, -0.272] | train_seen=1600
2026-05-25 18:37:06 | INFO | Epoch 2 | batch 850/1829 | loss=1.6720 | giou=0.7061 | bbox=0.0684 | ce=0.0352 | aux_giou=0.0699 | aux_bbox=0.0142 | aux_ce=0.0022 | mask=754 | aux_mask=968 | pos=71 | targets=71 | preds=280 | centerness=[-2.896, -0.228] | train_seen=1700
2026-05-25 18:38:53 | INFO | Epoch 2 | batch 900/1829 | loss=1.1802 | giou=0.5342 | bbox=0.0519 | ce=0.0600 | aux_giou=0.0000 | aux_bbox=0.0000 | aux_ce=0.0000 | mask=1268 | aux_mask=1190 | pos=541 | targets=541 | preds=813 | centerness=[-2.286, -0.042] | train_seen=1800
2026-05-25 18:40:39 | INFO | Epoch 2 | batch 950/1829 | loss=1.5237 | giou=0.6506 | bbox=0.1976 | ce=0.0250 | aux_giou=0.0000 | aux_bbox=0.0000 | aux_ce=0.0000 | mask=700 | aux_mask=1135 | pos=39 | targets=39 | preds=1 | centerness=[-5.062, -0.702] | train_seen=1900
2026-05-25 18:42:25 | INFO | Epoch 2 | batch 1000/1829 | loss=1.3870 | giou=0.6136 | bbox=0.0992 | ce=0.0605 | aux_giou=0.0000 | aux_bbox=0.0000 | aux_ce=0.0000 | mask=891 | aux_mask=1127 | pos=296 | targets=296 | preds=141 | centerness=[-2.754, -0.607] | train_seen=2000
2026-05-25 18:44:12 | INFO | Epoch 2 | batch 1050/1829 | loss=1.3316 | giou=0.5713 | bbox=0.0676 | ce=0.1214 | aux_giou=0.0000 | aux_bbox=0.0000 | aux_ce=0.0000 | mask=816 | aux_mask=1111 | pos=498 | targets=498 | preds=0 | centerness=[-3.116, -0.942] | train_seen=2100
2026-05-25 18:45:58 | INFO | Epoch 2 | batch 1100/1829 | loss=1.2929 | giou=0.5758 | bbox=0.0329 | ce=0.0421 | aux_giou=0.0323 | aux_bbox=0.0008 | aux_ce=0.0009 | mask=910 | aux_mask=1018 | pos=135 | targets=135 | preds=46 | centerness=[-2.417, 0.183] | train_seen=2200
2026-05-25 18:47:45 | INFO | Epoch 2 | batch 1150/1829 | loss=1.0230 | giou=0.4514 | bbox=0.0854 | ce=0.0349 | aux_giou=0.0000 | aux_bbox=0.0000 | aux_ce=0.0000 | mask=755 | aux_mask=834 | pos=112 | targets=112 | preds=1 | centerness=[-2.892, -0.843] | train_seen=2300
2026-05-25 18:49:32 | INFO | Epoch 2 | batch 1200/1829 | loss=1.2194 | giou=0.5421 | bbox=0.0648 | ce=0.0704 | aux_giou=0.0000 | aux_bbox=0.0000 | aux_ce=0.0000 | mask=740 | aux_mask=874 | pos=292 | targets=292 | preds=481 | centerness=[-2.156, -0.480] | train_seen=2400
2026-05-25 18:51:18 | INFO | Epoch 2 | batch 1250/1829 | loss=1.1196 | giou=0.4852 | bbox=0.1274 | ce=0.0219 | aux_giou=0.0000 | aux_bbox=0.0000 | aux_ce=0.0000 | mask=601 | aux_mask=910 | pos=29 | targets=29 | preds=0 | centerness=[-2.777, -0.898] | train_seen=2500
2026-05-25 18:53:05 | INFO | Epoch 2 | batch 1300/1829 | loss=1.1120 | giou=0.5006 | bbox=0.0606 | ce=0.0502 | aux_giou=0.0000 | aux_bbox=0.0000 | aux_ce=0.0000 | mask=1167 | aux_mask=1277 | pos=182 | targets=182 | preds=369 | centerness=[-2.752, 0.165] | train_seen=2600
2026-05-25 18:54:52 | INFO | Epoch 2 | batch 1350/1829 | loss=1.2109 | giou=0.5525 | bbox=0.0765 | ce=0.0294 | aux_giou=0.0000 | aux_bbox=0.0000 | aux_ce=0.0000 | mask=492 | aux_mask=899 | pos=36 | targets=36 | preds=0 | centerness=[-2.888, -1.126] | train_seen=2700
2026-05-25 18:56:41 | INFO | Epoch 2 | batch 1400/1829 | loss=1.4054 | giou=0.6371 | bbox=0.0731 | ce=0.0582 | aux_giou=0.0000 | aux_bbox=0.0000 | aux_ce=0.0000 | mask=1224 | aux_mask=1148 | pos=372 | targets=372 | preds=680 | centerness=[-2.205, -0.519] | train_seen=2800
2026-05-25 18:58:29 | INFO | Epoch 2 | batch 1450/1829 | loss=1.5483 | giou=0.6629 | bbox=0.0525 | ce=0.0536 | aux_giou=0.0514 | aux_bbox=0.0095 | aux_ce=0.0040 | mask=761 | aux_mask=968 | pos=211 | targets=211 | preds=371 | centerness=[-2.419, -0.235] | train_seen=2900
2026-05-25 19:00:17 | INFO | Epoch 2 | batch 1500/1829 | loss=1.1453 | giou=0.5102 | bbox=0.0705 | ce=0.0543 | aux_giou=0.0000 | aux_bbox=0.0000 | aux_ce=0.0000 | mask=894 | aux_mask=950 | pos=384 | targets=384 | preds=625 | centerness=[-2.693, -0.345] | train_seen=3000
2026-05-25 19:02:04 | INFO | Epoch 2 | batch 1550/1829 | loss=0.9683 | giou=0.4437 | bbox=0.0497 | ce=0.0314 | aux_giou=0.0000 | aux_bbox=0.0000 | aux_ce=0.0000 | mask=1082 | aux_mask=1158 | pos=124 | targets=124 | preds=61 | centerness=[-2.098, -0.145] | train_seen=3100
2026-05-25 19:03:56 | INFO | Epoch 2 | batch 1600/1829 | loss=1.3138 | giou=0.6155 | bbox=0.0381 | ce=0.0447 | aux_giou=0.0000 | aux_bbox=0.0000 | aux_ce=0.0000 | mask=1165 | aux_mask=1198 | pos=208 | targets=208 | preds=314 | centerness=[-2.358, -0.380] | train_seen=3200
2026-05-25 19:05:45 | INFO | Epoch 2 | batch 1650/1829 | loss=1.5019 | giou=0.6705 | bbox=0.0920 | ce=0.0689 | aux_giou=0.0000 | aux_bbox=0.0000 | aux_ce=0.0000 | mask=940 | aux_mask=925 | pos=468 | targets=468 | preds=628 | centerness=[-1.982, 0.181] | train_seen=3300
2026-05-25 19:07:33 | INFO | Epoch 2 | batch 1700/1829 | loss=1.3186 | giou=0.5986 | bbox=0.0747 | ce=0.0466 | aux_giou=0.0000 | aux_bbox=0.0000 | aux_ce=0.0000 | mask=697 | aux_mask=602 | pos=150 | targets=150 | preds=173 | centerness=[-2.545, -0.449] | train_seen=3400
2026-05-25 19:09:20 | INFO | Epoch 2 | batch 1750/1829 | loss=1.2806 | giou=0.5776 | bbox=0.0726 | ce=0.0528 | aux_giou=0.0000 | aux_bbox=0.0000 | aux_ce=0.0000 | mask=641 | aux_mask=737 | pos=197 | targets=197 | preds=291 | centerness=[-2.784, -0.281] | train_seen=3500
2026-05-25 19:11:07 | INFO | Epoch 2 | batch 1800/1829 | loss=1.5186 | giou=0.6257 | bbox=0.0648 | ce=0.0703 | aux_giou=0.0594 | aux_bbox=0.0064 | aux_ce=0.0069 | mask=820 | aux_mask=1016 | pos=180 | targets=180 | preds=346 | centerness=[-2.202, 0.414] | train_seen=3600
2026-05-25 19:31:52 | INFO | Epoch 2 | train_loss=1.292 | val_loss=1.345 | train_mae=101.420 | val_mae=60.011 | val_rmse=125.22 | test_mae=63.699 | test_rmse=156.62 | time=5096.365s | best_mae
2026-05-25 19:33:39 | INFO | Epoch 3 | batch 50/1829 | loss=1.4637 | giou=0.6462 | bbox=0.1269 | ce=0.0444 | aux_giou=0.0000 | aux_bbox=0.0000 | aux_ce=0.0000 | mask=1231 | aux_mask=1708 | pos=208 | targets=208 | preds=1 | centerness=[-2.373, -0.818] | train_seen=100
2026-05-25 19:35:25 | INFO | Epoch 3 | batch 100/1829 | loss=1.4575 | giou=0.6593 | bbox=0.0668 | ce=0.0722 | aux_giou=0.0000 | aux_bbox=0.0000 | aux_ce=0.0000 | mask=1090 | aux_mask=1177 | pos=226 | targets=226 | preds=869 | centerness=[-2.748, 0.328] | train_seen=200
2026-05-25 19:37:12 | INFO | Epoch 3 | batch 150/1829 | loss=0.9759 | giou=0.4443 | bbox=0.0530 | ce=0.0342 | aux_giou=0.0000 | aux_bbox=0.0000 | aux_ce=0.0000 | mask=621 | aux_mask=762 | pos=48 | targets=48 | preds=230 | centerness=[-2.929, -0.344] | train_seen=300
2026-05-25 19:38:58 | INFO | Epoch 3 | batch 200/1829 | loss=1.3809 | giou=0.6376 | bbox=0.0541 | ce=0.0516 | aux_giou=0.0000 | aux_bbox=0.0000 | aux_ce=0.0000 | mask=1527 | aux_mask=1581 | pos=632 | targets=632 | preds=1019 | centerness=[-2.241, 0.098] | train_seen=400
2026-05-25 19:40:47 | INFO | Epoch 3 | batch 250/1829 | loss=1.2710 | giou=0.5484 | bbox=0.0655 | ce=0.1087 | aux_giou=0.0000 | aux_bbox=0.0000 | aux_ce=0.0000 | mask=1134 | aux_mask=1310 | pos=609 | targets=609 | preds=0 | centerness=[-3.168, -1.104] | train_seen=500
2026-05-25 19:42:33 | INFO | Epoch 3 | batch 300/1829 | loss=1.1271 | giou=0.5220 | bbox=0.0608 | ce=0.0224 | aux_giou=0.0000 | aux_bbox=0.0000 | aux_ce=0.0000 | mask=1156 | aux_mask=1262 | pos=89 | targets=89 | preds=0 | centerness=[-3.131, -0.919] | train_seen=600
2026-05-25 19:44:19 | INFO | Epoch 3 | batch 350/1829 | loss=1.4109 | giou=0.6354 | bbox=0.1016 | ce=0.0385 | aux_giou=0.0000 | aux_bbox=0.0000 | aux_ce=0.0000 | mask=1024 | aux_mask=1181 | pos=136 | targets=136 | preds=435 | centerness=[-2.692, -0.590] | train_seen=700
2026-05-25 19:46:06 | INFO | Epoch 3 | batch 400/1829 | loss=0.8891 | giou=0.3993 | bbox=0.0511 | ce=0.0394 | aux_giou=0.0000 | aux_bbox=0.0000 | aux_ce=0.0000 | mask=885 | aux_mask=863 | pos=110 | targets=110 | preds=452 | centerness=[-2.930, -0.290] | train_seen=800
2026-05-25 19:47:53 | INFO | Epoch 3 | batch 450/1829 | loss=1.0096 | giou=0.4702 | bbox=0.0353 | ce=0.0339 | aux_giou=0.0000 | aux_bbox=0.0000 | aux_ce=0.0000 | mask=637 | aux_mask=765 | pos=76 | targets=76 | preds=97 | centerness=[-3.341, -0.501] | train_seen=900
